Archive member included to satisfy reference by file (symbol)

/home/steward/Downloads/buildroot-2017.02.9/output/host/usr/lib/gcc/mipsel-buildroot-linux-uclibc/5.4.0/libgcc.a(_divdi3.o)
                              pico/32x/sh2soc.o (__divdi3)
/home/steward/Downloads/buildroot-2017.02.9/output/host/usr/lib/gcc/mipsel-buildroot-linux-uclibc/5.4.0/libgcc.a(_moddi3.o)
                              pico/32x/sh2soc.o (__moddi3)

Allocating common symbols
Common symbol       size              file

DrawLineDestIncrement
                    0x4               pico/draw.o
g_autostateld_opt   0x4               platform/common/menu_pico.o
HighLnSpr           0x1e00            pico/draw.o
PicoStateProgressCB
                    0x4               pico/state.o
PicoIn              0x30              pico/pico.o
rom_fname_loaded    0x200             platform/common/emu.o
g_screen_ptr        0x4               platform/common/emu.o
carthw_ssf2_banks   0x8               pico/carthw/carthw.o
g_menuscreen_w      0x4               platform/common/menu_pico.o
g_menubg_ptr        0x4               platform/common/menu_pico.o
flip_after_sync     0x4               platform/common/emu.o
s68k_write16_map    0x400             pico/cd/memory.o
PicoCpuFS68k        0x4ac             pico/cd/sek.o
m68k_write16_map    0x400             pico/memory.o
rendlines           0x4               pico/draw.o
currentConfig       0x70              platform/common/emu.o
plat_sdl_screen     0x4               platform/libpicofe/plat_sdl.o
SekCycleCntS68k     0x4               pico/cd/sek.o
ym_tl_tab2          0x1a00            pico/sound/ym2612.o
m68k_read16_map     0x400             pico/memory.o
CZ80                0xc0              cpu/cz80/cz80.o
Pico32xDrawMode     0x4               pico/32x/draw.o
sn76496_regs        0x4               pico/sound/sn76496.o
g_menuscreen_ptr    0x4               platform/common/menu_pico.o
carthw_ssf2_active  0x4               pico/carthw/carthw.o
plat_sdl_quit_cb    0x4               platform/libpicofe/plat_sdl.o
tcache              0x4               cpu/drc/cmn.o
plat_sdl_gl_active  0x4               platform/libpicofe/plat_sdl.o
ym2612              0xbe0             pico/sound/ym2612.o
in_evdev_allow_abs_only
                    0x4               platform/libpicofe/linux/in_evdev.o
plat_sdl_overlay    0x4               platform/libpicofe/plat_sdl.o
tcache_default      0x200000          cpu/drc/cmn.o
s68k_read16_map     0x400             pico/cd/memory.o
carthw_chunks       0x4               pico/state.o
PicoPicohw          0x208             pico/pico/pico.o
rom_fname_reload    0x4               platform/common/emu.o
Pico32x             0xc0              pico/32x/32x.o
z80_write_map       0x20              pico/z80if.o
p32x_event_times    0xc               pico/32x/32x.o
PicoGameLoaded      0x4               pico/cart.o
pcd_event_times     0x10              pico/cd/mcd.o
PicoLoadStateHook   0x4               pico/state.o
ym_tl_tab           0x34000           pico/sound/ym2612.o
media_id_header     0x100             pico/media.o
plat_sdl_resize_cb  0x4               platform/libpicofe/plat_sdl.o
PicoScan32xEnd      0x4               pico/32x/draw.o
PicoCpuFM68k        0x4ac             pico/sek.o
PicoCartMemSetup    0x4               pico/cart.o
plat_target         0x34              platform/libpicofe/plat_dummy.o
Pico32xMem          0x4               pico/32x/memory.o
p32x_bios_m         0x4               pico/32x/memory.o
PicoMem             0x22180           pico/pico.o
rendstatus_old      0x4               pico/draw.o
p32x_bios_g         0x4               pico/32x/memory.o
PicoScan32xBegin    0x4               pico/32x/draw.o
s68k_read8_map      0x400             pico/cd/memory.o
g_menuscreen_h      0x4               platform/common/menu_pico.o
z80_read_map        0x20              pico/z80if.o
p32x_bios_s         0x4               pico/32x/memory.o
sndout_current      0x1c              platform/libpicofe/sndout.o
Pico                0x344             pico/pico.o
pico_inp_mode       0x4               platform/common/emu.o
s68k_write8_map     0x400             pico/cd/memory.o
defaultConfig       0x70              platform/common/emu.o
g_menuscreen_pp     0x4               platform/common/menu_pico.o
SekCycleAimS68k     0x4               pico/cd/sek.o
g_argv              0x4               platform/common/main.o
sh2s                0x25b8            pico/32x/32x.o
PicoCartUnloadHook  0x4               pico/cart.o
cdda_out_buffer     0x1200            pico/sound/sound.o
cdd                 0x66c             pico/cd/cdd.o
m68k_write8_map     0x400             pico/memory.o
g_menubg_src_ptr    0x4               platform/common/menu_pico.o
m68k_read8_map      0x400             pico/memory.o

Discarded input sections

 .note.GNU-stack
                0x0000000000000000        0x0 /home/steward/Downloads/buildroot-2017.02.9/output/host/usr/mipsel-buildroot-linux-uclibc/sysroot/usr/lib/crt1.o
[...]
Memory Configuration

Name             Origin             Length             Attributes
*default*        0x0000000000000000 0xffffffffffffffff

Linker script and memory map

LOAD /home/steward/Downloads/buildroot-2017.02.9/output/host/usr/mipsel-buildroot-linux-uclibc/sysroot/usr/lib/crt1.o
LOAD /home/steward/Downloads/buildroot-2017.02.9/output/host/usr/mipsel-buildroot-linux-uclibc/sysroot/usr/lib/crti.o
LOAD /home/steward/Downloads/buildroot-2017.02.9/output/host/usr/lib/gcc/mipsel-buildroot-linux-uclibc/5.4.0/crtbegin.o
LOAD platform/opendingux/inputmap.o
LOAD platform/linux/emu.o
LOAD platform/linux/blit.o
LOAD platform/common/plat_sdl.o
LOAD platform/libpicofe/plat_sdl.o
LOAD platform/libpicofe/in_sdl.o
LOAD platform/libpicofe/plat_dummy.o
LOAD platform/common/main.o
LOAD platform/common/emu.o
LOAD platform/common/menu_pico.o
LOAD platform/common/config_file.o
LOAD platform/libpicofe/input.o
LOAD platform/libpicofe/readpng.o
LOAD platform/libpicofe/fonts.o
LOAD platform/libpicofe/linux/in_evdev.o
LOAD platform/libpicofe/linux/plat.o
LOAD platform/libpicofe/sndout.o
LOAD platform/libpicofe/sndout_sdl.o
LOAD platform/common/mp3.o
LOAD platform/common/mp3_dummy.o
LOAD unzip/unzip.o
LOAD pico/pico.o
LOAD pico/cart.o
LOAD pico/memory.o
LOAD pico/state.o
LOAD pico/sek.o
LOAD pico/z80if.o
LOAD pico/videoport.o
LOAD pico/draw2.o
LOAD pico/draw.o
LOAD pico/mode4.o
LOAD pico/misc.o
LOAD pico/eeprom.o
LOAD pico/patch.o
LOAD pico/debug.o
LOAD pico/media.o
LOAD pico/sms.o
LOAD pico/cd/mcd.o
LOAD pico/cd/memory.o
LOAD pico/cd/sek.o
LOAD pico/cd/cdc.o
LOAD pico/cd/cdd.o
LOAD pico/cd/cd_image.o
LOAD pico/cd/cue.o
LOAD pico/cd/gfx.o
LOAD pico/cd/gfx_dma.o
LOAD pico/cd/misc.o
LOAD pico/cd/pcm.o
LOAD pico/32x/32x.o
LOAD pico/32x/memory.o
LOAD pico/32x/draw.o
LOAD pico/32x/sh2soc.o
LOAD pico/32x/pwm.o
LOAD pico/pico/pico.o
LOAD pico/pico/memory.o
LOAD pico/pico/xpcm.o
LOAD pico/carthw/carthw.o
LOAD pico/carthw/eeprom_spi.o
LOAD pico/carthw/svp/svp.o
LOAD pico/carthw/svp/memory.o
LOAD pico/carthw/svp/ssp16.o
LOAD pico/sound/sound.o
LOAD pico/sound/sn76496.o
LOAD pico/sound/ym2612.o
LOAD pico/sound/mix.o
LOAD cpu/fame/famec.o
LOAD cpu/cz80/cz80.o
LOAD cpu/drc/cmn.o
LOAD cpu/sh2/sh2.o
LOAD cpu/sh2/mame/sh2pico.o
LOAD /home/steward/Downloads/buildroot-2017.02.9/output/host/usr/mipsel-buildroot-linux-uclibc/sysroot/usr/lib/libSDL.so
LOAD /home/steward/Downloads/buildroot-2017.02.9/output/host/usr/mipsel-buildroot-linux-uclibc/sysroot/usr/lib/libpthread.a
LOAD /home/steward/Downloads/buildroot-2017.02.9/output/host/usr/mipsel-buildroot-linux-uclibc/sysroot/usr/lib/libpng.so
LOAD /home/steward/Downloads/buildroot-2017.02.9/output/host/usr/mipsel-buildroot-linux-uclibc/sysroot/usr/lib/libm.a
LOAD /home/steward/Downloads/buildroot-2017.02.9/output/host/usr/mipsel-buildroot-linux-uclibc/sysroot/usr/lib/libz.so
LOAD /home/steward/Downloads/buildroot-2017.02.9/output/host/usr/lib/gcc/mipsel-buildroot-linux-uclibc/5.4.0/libgcc.a
LOAD /home/steward/Downloads/buildroot-2017.02.9/output/host/usr/lib/gcc/mipsel-buildroot-linux-uclibc/5.4.0/../../../../mipsel-buildroot-linux-uclibc/lib/libgcc_s.so
START GROUP
LOAD /home/steward/Downloads/buildroot-2017.02.9/output/host/usr/lib/gcc/mipsel-buildroot-linux-uclibc/5.4.0/../../../../mipsel-buildroot-linux-uclibc/lib/libgcc_s.so.1
LOAD /home/steward/Downloads/buildroot-2017.02.9/output/host/usr/lib/gcc/mipsel-buildroot-linux-uclibc/5.4.0/libgcc.a
END GROUP
LOAD /home/steward/Downloads/buildroot-2017.02.9/output/host/usr/mipsel-buildroot-linux-uclibc/sysroot/usr/lib/libc.so
START GROUP
LOAD /home/steward/Downloads/buildroot-2017.02.9/output/host/usr/mipsel-buildroot-linux-uclibc/sysroot/lib/libc.so.1
LOAD /home/steward/Downloads/buildroot-2017.02.9/output/host/usr/mipsel-buildroot-linux-uclibc/sysroot/usr/lib/uclibc_nonshared.a
LOAD /home/steward/Downloads/buildroot-2017.02.9/output/host/usr/mipsel-buildroot-linux-uclibc/sysroot/usr/lib/libpthread_nonshared.a
LOAD /home/steward/Downloads/buildroot-2017.02.9/output/host/usr/mipsel-buildroot-linux-uclibc/sysroot/lib/ld-uClibc.so.1
END GROUP
LOAD /home/steward/Downloads/buildroot-2017.02.9/output/host/usr/lib/gcc/mipsel-buildroot-linux-uclibc/5.4.0/libgcc.a
LOAD /home/steward/Downloads/buildroot-2017.02.9/output/host/usr/lib/gcc/mipsel-buildroot-linux-uclibc/5.4.0/../../../../mipsel-buildroot-linux-uclibc/lib/libgcc_s.so
START GROUP
LOAD /home/steward/Downloads/buildroot-2017.02.9/output/host/usr/lib/gcc/mipsel-buildroot-linux-uclibc/5.4.0/../../../../mipsel-buildroot-linux-uclibc/lib/libgcc_s.so.1
LOAD /home/steward/Downloads/buildroot-2017.02.9/output/host/usr/lib/gcc/mipsel-buildroot-linux-uclibc/5.4.0/libgcc.a
END GROUP
LOAD /home/steward/Downloads/buildroot-2017.02.9/output/host/usr/lib/gcc/mipsel-buildroot-linux-uclibc/5.4.0/crtend.o
LOAD /home/steward/Downloads/buildroot-2017.02.9/output/host/usr/mipsel-buildroot-linux-uclibc/sysroot/usr/lib/crtn.o
                [!provide]                        PROVIDE (__executable_start, 0x400000)
                0x0000000000400174                . = (0x400000 + SIZEOF_HEADERS)

.interp         0x0000000000400174       0x14
 *(.interp)
 .interp        0x0000000000400174       0x14 /home/steward/Downloads/buildroot-2017.02.9/output/host/usr/mipsel-buildroot-linux-uclibc/sysroot/usr/lib/crt1.o

.MIPS.abiflags  0x0000000000400188       0x18
 *(.MIPS.abiflags)
 .MIPS.abiflags
                0x0000000000400188       0x18 /home/steward/Downloads/buildroot-2017.02.9/output/host/usr/mipsel-buildroot-linux-uclibc/sysroot/usr/lib/crt1.o

.reginfo        0x00000000004001a0       0x18
 *(.reginfo)
 .reginfo       0x00000000004001a0       0x18 /home/steward/Downloads/buildroot-2017.02.9/output/host/usr/mipsel-buildroot-linux-uclibc/sysroot/usr/lib/crt1.o

.note.gnu.build-id
 *(.note.gnu.build-id)

.dynamic        0x00000000004001b8      0x110
 *(.dynamic)
 .dynamic       0x00000000004001b8      0x110 /home/steward/Downloads/buildroot-2017.02.9/output/host/usr/mipsel-buildroot-linux-uclibc/sysroot/usr/lib/crt1.o
                0x00000000004001b8                _DYNAMIC

.hash           0x00000000004002c8     0x1280
 *(.hash)
 .hash          0x00000000004002c8     0x1280 /home/steward/Downloads/buildroot-2017.02.9/output/host/usr/mipsel-buildroot-linux-uclibc/sysroot/usr/lib/crt1.o

.gnu.hash
 *(.gnu.hash)

.dynsym         0x0000000000401548     0x2950
 *(.dynsym)
 .dynsym        0x0000000000401548     0x2950 /home/steward/Downloads/buildroot-2017.02.9/output/host/usr/mipsel-buildroot-linux-uclibc/sysroot/usr/lib/crt1.o

.dynstr         0x0000000000403e98     0x2443
 *(.dynstr)
 .dynstr        0x0000000000403e98     0x2443 /home/steward/Downloads/buildroot-2017.02.9/output/host/usr/mipsel-buildroot-linux-uclibc/sysroot/usr/lib/crt1.o

.gnu.version    0x00000000004062dc      0x52a
 *(.gnu.version)
 .gnu.version   0x00000000004062dc      0x52a /home/steward/Downloads/buildroot-2017.02.9/output/host/usr/mipsel-buildroot-linux-uclibc/sysroot/usr/lib/crt1.o

.gnu.version_d  0x0000000000406808        0x0
 *(.gnu.version_d)
 .gnu.version_d
                0x0000000000406808        0x0 /home/steward/Downloads/buildroot-2017.02.9/output/host/usr/mipsel-buildroot-linux-uclibc/sysroot/usr/lib/crt1.o

.gnu.version_r  0x0000000000406808       0x20
 *(.gnu.version_r)
 .gnu.version_r
                0x0000000000406808       0x20 /home/steward/Downloads/buildroot-2017.02.9/output/host/usr/mipsel-buildroot-linux-uclibc/sysroot/usr/lib/crt1.o

.rel.dyn        0x0000000000406828       0x10
 *(.rel.init)
 *(.rel.text .rel.text.* .rel.gnu.linkonce.t.*)
 *(.rel.fini)
 *(.rel.rodata .rel.rodata.* .rel.gnu.linkonce.r.*)
 *(.rel.data.rel.ro .rel.data.rel.ro.* .rel.gnu.linkonce.d.rel.ro.*)
 *(.rel.data .rel.data.* .rel.gnu.linkonce.d.*)
 *(.rel.tdata .rel.tdata.* .rel.gnu.linkonce.td.*)
 *(.rel.tbss .rel.tbss.* .rel.gnu.linkonce.tb.*)
 *(.rel.ctors)
 *(.rel.dtors)
 *(.rel.got)
 *(.rel.dyn)
 .rel.dyn       0x0000000000406828       0x10 /home/steward/Downloads/buildroot-2017.02.9/output/host/usr/mipsel-buildroot-linux-uclibc/sysroot/usr/lib/crt1.o
 *(.rel.sdata .rel.sdata.* .rel.gnu.linkonce.s.*)
 *(.rel.sbss .rel.sbss.* .rel.gnu.linkonce.sb.*)
 *(.rel.sdata2 .rel.sdata2.* .rel.gnu.linkonce.s2.*)
 *(.rel.sbss2 .rel.sbss2.* .rel.gnu.linkonce.sb2.*)
 *(.rel.bss .rel.bss.* .rel.gnu.linkonce.b.*)
 .rel.bss       0x0000000000406838        0x0 /home/steward/Downloads/buildroot-2017.02.9/output/host/usr/mipsel-buildroot-linux-uclibc/sysroot/usr/lib/crt1.o
                [!provide]                        PROVIDE (__rel_iplt_start, .)
 *(.rel.iplt)
                [!provide]                        PROVIDE (__rel_iplt_end, .)

.rela.dyn       0x0000000000406838        0x0
 *(.rela.init)
 *(.rela.text .rela.text.* .rela.gnu.linkonce.t.*)
 *(.rela.fini)
 *(.rela.rodata .rela.rodata.* .rela.gnu.linkonce.r.*)
 *(.rela.data .rela.data.* .rela.gnu.linkonce.d.*)
 *(.rela.tdata .rela.tdata.* .rela.gnu.linkonce.td.*)
 *(.rela.tbss .rela.tbss.* .rela.gnu.linkonce.tb.*)
 *(.rela.ctors)
 *(.rela.dtors)
 *(.rela.got)
 *(.rela.sdata .rela.sdata.* .rela.gnu.linkonce.s.*)
 *(.rela.sbss .rela.sbss.* .rela.gnu.linkonce.sb.*)
 *(.rela.sdata2 .rela.sdata2.* .rela.gnu.linkonce.s2.*)
 *(.rela.sbss2 .rela.sbss2.* .rela.gnu.linkonce.sb2.*)
 *(.rela.bss .rela.bss.* .rela.gnu.linkonce.b.*)
                [!provide]                        PROVIDE (__rela_iplt_start, .)
 *(.rela.iplt)
                [!provide]                        PROVIDE (__rela_iplt_end, .)

.rel.plt        0x0000000000406838        0x0
 *(.rel.plt)
 .rel.plt       0x0000000000406838        0x0 /home/steward/Downloads/buildroot-2017.02.9/output/host/usr/mipsel-buildroot-linux-uclibc/sysroot/usr/lib/crt1.o

.rela.plt
 *(.rela.plt)

.init           0x0000000000406838       0x6c
 *(SORT(.init))
 .init          0x0000000000406838       0x1c /home/steward/Downloads/buildroot-2017.02.9/output/host/usr/mipsel-buildroot-linux-uclibc/sysroot/usr/lib/crti.o
                0x0000000000406838                _init
 .init          0x0000000000406854       0x24 /home/steward/Downloads/buildroot-2017.02.9/output/host/usr/lib/gcc/mipsel-buildroot-linux-uclibc/5.4.0/crtbegin.o
 .init          0x0000000000406878       0x20 /home/steward/Downloads/buildroot-2017.02.9/output/host/usr/lib/gcc/mipsel-buildroot-linux-uclibc/5.4.0/crtend.o
 .init          0x0000000000406898        0xc /home/steward/Downloads/buildroot-2017.02.9/output/host/usr/mipsel-buildroot-linux-uclibc/sysroot/usr/lib/crtn.o

.text           0x00000000004068b0    0xd5c80
                0x00000000004068b0                _ftext = .
 *(.text.unlikely .text.*_unlikely .text.unlikely.*)
 .text.unlikely
                0x00000000004068b0      0x144 pico/cart.o
 .text.unlikely
                0x00000000004069f4       0x94 cpu/fame/famec.o
 *(.text.exit .text.exit.*)
 *(.text.startup .text.startup.*)
 .text.startup  0x0000000000406a88      0x258 platform/common/main.o
                0x0000000000406a88                main
 *(.text.hot .text.hot.*)
 *(.text .stub .text.* .gnu.linkonce.t.*)
 .text          0x0000000000406ce0       0x60 /home/steward/Downloads/buildroot-2017.02.9/output/host/usr/mipsel-buildroot-linux-uclibc/sysroot/usr/lib/crt1.o
                0x0000000000406ce0                __start
 .text          0x0000000000406d40        0x0 /home/steward/Downloads/buildroot-2017.02.9/output/host/usr/mipsel-buildroot-linux-uclibc/sysroot/usr/lib/crti.o
 .text          0x0000000000406d40      0x1d0 /home/steward/Downloads/buildroot-2017.02.9/output/host/usr/lib/gcc/mipsel-buildroot-linux-uclibc/5.4.0/crtbegin.o
 .text          0x0000000000406f10        0x0 platform/opendingux/inputmap.o
 .text          0x0000000000406f10      0x990 platform/linux/emu.o
                0x0000000000406f10                pemu_prep_defconfig
                0x0000000000406f18                pemu_validate_config
                0x0000000000406f3c                pemu_finalize_frame
                0x00000000004071e8                plat_video_toggle_renderer
                0x00000000004073c4                plat_status_msg_clear
                0x000000000040740c                plat_status_msg_busy_next
                0x00000000004074c0                plat_status_msg_busy_first
                0x0000000000407574                plat_update_volume
                0x000000000040757c                pemu_forced_frame
                0x000000000040761c                pemu_sound_start
                0x0000000000407630                plat_debug_cat
                0x0000000000407638                emu_video_mode_change
                0x0000000000407674                pemu_loop_prep
                0x00000000004077b0                pemu_loop_end
                0x0000000000407838                plat_wait_till_us
                0x0000000000407898                plat_mem_get_for_drc
 .text          0x00000000004078a0      0x250 platform/linux/blit.o
                0x00000000004078a0                bgr444_to_rgb32
                0x00000000004078ec                bgr444_to_rgb32_sh
                0x0000000000407984                vidcpy_m2
                0x0000000000407ad8                vidcpy_m2_rot
                0x0000000000407ae0                rotated_blit8
                0x0000000000407ae8                rotated_blit16
 .text          0x0000000000407af0      0xa40 platform/common/plat_sdl.o
                0x0000000000407b10                bgr_to_uyvy_init
                0x0000000000407c4c                rgb565_to_uyvy
                0x0000000000407dd0                plat_video_flip
                0x0000000000407f0c                plat_video_wait_vsync
                0x0000000000407f14                plat_video_menu_enter
                0x0000000000407f64                plat_video_menu_begin
                0x0000000000408004                plat_video_menu_end
                0x000000000040812c                plat_video_menu_leave
                0x0000000000408134                plat_video_loop_prepare
                0x0000000000408214                plat_early_init
                0x000000000040821c                plat_init
                0x00000000004084bc                plat_finish
 .text          0x0000000000408530      0xb50 platform/libpicofe/plat_sdl.o
                0x0000000000408530                plat_sdl_change_video_mode
                0x000000000040899c                plat_sdl_event_handler
                0x0000000000408af4                plat_sdl_init
                0x0000000000408f64                plat_sdl_finish
                0x0000000000409020                plat_sdl_overlay_clear
 .text          0x0000000000409080      0xbc0 platform/libpicofe/in_sdl.o
                0x0000000000409bb8                in_sdl_init
 .text          0x0000000000409c40       0x20 platform/libpicofe/plat_dummy.o
                0x0000000000409c40                plat_target_init
                0x0000000000409c48                plat_target_finish
                0x0000000000409c50                plat_target_setup_input
 .text          0x0000000000409c60      0x290 platform/common/main.o
                0x0000000000409c60                parse_cmd_line
 .text          0x0000000000409ef0     0x6580 platform/common/emu.o
                0x000000000040a890                emu_status_msg
                0x000000000040a944                emu_get_game_name
                0x000000000040aae0                emu_swap_cd
                0x000000000040ab80                emu_make_path
                0x000000000040ac5c                emu_prep_defconfig
                0x000000000040ad04                emu_set_defconfig
                0x000000000040ad70                emu_read_config
                0x000000000040bbdc                emu_write_config
                0x000000000040bf08                emu_text_out8
                0x000000000040c044                emu_text_out16
                0x000000000040c180                emu_text_out8_rot
                0x000000000040c33c                emu_text_out16_rot
                0x000000000040c4d4                emu_osd_text16
                0x000000000040c5a0                emu_get_save_fname
                0x000000000040cd88                emu_check_save_file
                0x000000000040d2a4                emu_save_load_game
                0x000000000040dd04                emu_reload_rom
                0x000000000040e758                emu_set_fastforward
                0x000000000040e87c                emu_32x_startup
                0x000000000040e9e4                emu_reset_game
                0x000000000040ea1c                run_events_pico
                0x000000000040ec84                emu_update_input
                0x000000000040f428                emu_cmn_forced_frame
                0x000000000040f5a0                emu_init
                0x000000000040f87c                emu_finish
                0x000000000040fc44                emu_sound_start
                0x000000000040fd38                emu_sound_stop
                0x000000000040fd50                emu_sound_wait
                0x000000000040fd68                emu_loop
 .text          0x0000000000410470     0xb510 platform/common/menu_pico.o
                0x0000000000413a44                menuscreen_memset_lines
                0x0000000000413ad8                text_out16
                0x000000000041a284                menu_init_base
                0x000000000041a77c                menu_romload_prepare
                0x000000000041ab50                menu_romload_end
                0x000000000041ad5c                menu_loop
                0x000000000041b294                menu_loop_tray
                0x000000000041b37c                menu_update_msg
                0x000000000041b3ec                me_list_get_first
                0x000000000041b408                me_list_get_next
                0x000000000041b4d8                menu_init
 .text          0x000000000041b980     0x2120 platform/common/config_file.o
                0x000000000041b980                config_write
                0x000000000041c1fc                config_writelrom
                0x000000000041c53c                config_readlrom
                0x000000000041c7ac                config_get_var_val
                0x000000000041cc28                config_readsect
 .text          0x000000000041daa0     0x36a0 platform/libpicofe/input.o
                0x000000000041dae8                in_register
                0x000000000041e008                in_combos_find
                0x000000000041e0ac                in_combos_do
                0x000000000041e190                in_probe
                0x000000000041e954                in_update
                0x000000000041ea38                in_update_analog
                0x000000000041ea8c                in_update_keycode
                0x000000000041f228                in_menu_wait_any
                0x000000000041f2f8                in_menu_wait
                0x000000000041f4f8                in_get_dev_binds
                0x000000000041f520                in_get_dev_def_binds
                0x000000000041f55c                in_get_config
                0x000000000041f624                in_set_config
                0x000000000041fab8                in_get_dev_name
                0x000000000041fb64                in_name_to_id
                0x000000000041fc20                in_get_key_name
                0x000000000041fd8c                in_get_key_code
                0x000000000041fe68                in_bind_key
                0x0000000000420058                in_unbind_all
                0x000000000042019c                in_config_parse_dev
                0x000000000042061c                in_config_bind_key
                0x0000000000420964                in_clean_binds
                0x0000000000420dc4                in_debug_dump
                0x0000000000420ec8                in_register_driver
                0x00000000004210e4                in_init
 .text          0x0000000000421140      0xa90 platform/libpicofe/readpng.o
                0x0000000000421140                readpng
                0x0000000000421884                writepng
 .text          0x0000000000421bd0      0x4f0 platform/libpicofe/fonts.o
                0x0000000000421bd0                basic_text_out16_nf
                0x0000000000421e08                basic_text_out_uyvy_nf
                0x0000000000422020                basic_text_out16
 .text          0x00000000004220c0     0x1060 platform/libpicofe/linux/in_evdev.o
                0x00000000004230b8                in_evdev_init
 .text          0x0000000000423120      0xa20 platform/libpicofe/linux/plat.o
                0x0000000000423120                plat_is_dir
                0x0000000000423174                plat_get_skin_dir
                0x0000000000423280                plat_get_root_dir
                0x00000000004233b8                plat_get_ticks_ms
                0x0000000000423414                plat_get_ticks_us
                0x000000000042345c                plat_sleep_ms
                0x0000000000423480                plat_wait_event
                0x0000000000423644                plat_mmap
                0x0000000000423844                plat_mremap
                0x0000000000423984                plat_munmap
                0x0000000000423a58                plat_mem_set_exec
                0x0000000000423af4                lprintf
 .text          0x0000000000423b40      0x100 platform/libpicofe/sndout.o
                0x0000000000423b70                sndout_init
 .text          0x0000000000423c40      0x530 platform/libpicofe/sndout_sdl.o
                0x0000000000423d94                sndout_sdl_init
                0x0000000000423dc8                sndout_sdl_start
                0x0000000000423f14                sndout_sdl_stop
                0x0000000000423f58                sndout_sdl_wait
                0x0000000000423fc8                sndout_sdl_write_nb
                0x0000000000424108                sndout_sdl_exit
 .text          0x0000000000424170      0x7d0 platform/common/mp3.o
                0x0000000000424170                mp3_find_sync_word
                0x0000000000424218                mp3_get_bitrate
                0x0000000000424504                mp3_start_play
                0x0000000000424778                mp3_update
 .text          0x0000000000424940       0x10 platform/common/mp3_dummy.o
                0x0000000000424940                mp3dec_start
                0x0000000000424948                mp3dec_decode
 .text          0x0000000000424950      0xef0 unzip/unzip.o
                0x0000000000424950                openzip
                0x0000000000424e48                readzip
                0x00000000004250ac                closezip
                0x000000000042513c                suspendzip
                0x0000000000425188                rewindzip
                0x0000000000425190                seekcompresszip
                0x00000000004252d4                readcompresszip
                0x000000000042549c                readuncompresszip
 .text          0x0000000000425840     0x1cd0 pico/pico.o
                0x0000000000425840                PicoInit
                0x000000000042592c                PicoExit
                0x00000000004259b0                PicoDetectRegion
                0x0000000000425d10                PicoReset
                0x0000000000425f60                PicoPower
                0x0000000000426088                PicoLoopPrepare
                0x00000000004260f4                CheckDMA
                0x00000000004261cc                PicoSyncZ80
                0x0000000000426248                PicoFrame
                0x0000000000427420                PicoFrameDrawOnly
                0x000000000042747c                PicoGetInternal
 .text          0x0000000000427510     0x2c10 pico/cart.o
                0x0000000000428728                pm_open
                0x0000000000428d64                pm_read
                0x0000000000429240                pm_seek
                0x00000000004294a0                pm_close
                0x000000000042957c                Byteswap
                0x00000000004295d4                PicoCartLoad
                0x0000000000429b7c                PicoCartInsert
                0x0000000000429ffc                PicoCartResize
                0x000000000042a070                PicoCartUnload
 .text          0x000000000042a120     0x3d40 pico/memory.o
                0x000000000042a130                m68k_read8
                0x000000000042a180                m68k_read16
                0x000000000042a1cc                m68k_read32
                0x000000000042a264                m68k_write8
                0x000000000042a2b4                m68k_write16
                0x000000000042a300                m68k_write32
                0x000000000042a7fc                PicoRead8_vdp
                0x000000000042b060                z80_map_set
                0x000000000042b164                cpu68k_map_set
                0x000000000042b2fc                cpu68k_map_all_ram
                0x000000000042b3d8                m68k_map_unmap
                0x000000000042b4c0                PicoSetInputDevice
                0x000000000042b514                io_ports_read
                0x000000000042b584                PicoRead8_io
                0x000000000042b608                PicoRead16_io
                0x000000000042b6c4                io_ports_write
                0x000000000042b74c                ctl_write_z80busreq
                0x000000000042b81c                ctl_write_z80reset
                0x000000000042b924                PicoWrite8_io
                0x000000000042b998                PicoWrite16_io
                0x000000000042ba08                PicoMemSetup
                0x000000000042c9b8                ym2612_sync_timers
                0x000000000042d888                ym2612_pack_state
                0x000000000042d968                ym2612_unpack_state
 .text          0x000000000042de60     0x3f30 pico/state.o
                0x0000000000430cf4                PicoState
                0x0000000000430f50                PicoStateFP
                0x0000000000430f94                PicoStateLoadGfx
                0x0000000000431834                PicoTmpStateSave
                0x0000000000431abc                PicoTmpStateRestore
 .text          0x0000000000431d90      0x790 pico/sek.o
                0x0000000000431e14                SekInit
                0x0000000000431e78                SekReset
                0x0000000000431ec8                SekStepM68k
                0x0000000000431f20                SekSetRealTAS
                0x0000000000431f28                SekPackCpu
                0x0000000000431fd8                SekUnpackCpu
                0x000000000043209c                SekInitIdleDet
                0x0000000000432130                SekIsIdleReady
                0x0000000000432154                SekIsIdleCode
                0x00000000004322e8                SekRegisterIdlePatch
                0x00000000004323f8                SekFinishIdleDet
 .text          0x0000000000432520      0x460 pico/z80if.o
                0x0000000000432520                z80_init
                0x0000000000432594                z80_reset
                0x00000000004325f0                z80_pack
                0x000000000043277c                z80_unpack
                0x0000000000432944                z80_exit
                0x000000000043294c                z80_debug
 .text          0x0000000000432980     0x1180 pico/videoport.o
                0x000000000043313c                PicoVideoWrite
                0x00000000004337c4                PicoVideoRead
                0x000000000043391c                PicoVideoRead8DataH
                0x00000000004339ac                PicoVideoRead8DataL
                0x0000000000433a38                PicoVideoRead8CtlH
                0x0000000000433a50                PicoVideoRead8CtlL
                0x0000000000433a94                PicoVideoRead8HV_H
                0x0000000000433aa8                PicoVideoRead8HV_L
 .text          0x0000000000433b00     0x1510 pico/draw2.o
                0x0000000000434ae8                PicoFrameFull
                0x0000000000434fe8                PicoDraw2Init
 .text          0x0000000000435010     0x5970 pico/draw.o
                0x0000000000439df0                blockcpy_or
                0x0000000000439ef8                BackFill
                0x0000000000439f30                PicoDoHighPal555
                0x000000000043a060                FinalizeLine555
                0x000000000043a11c                PicoFrameStart
                0x000000000043a2b8                PicoDrawSync
                0x000000000043a68c                PicoDrawUpdateHighPal
                0x000000000043a788                PicoDrawSetOutFormat
                0x000000000043a848                PicoDrawSetOutBuf
                0x000000000043a878                PicoDrawSetInternalBuf
                0x000000000043a8d0                PicoDrawSetCallbacks
                0x000000000043a934                PicoDrawInit
 .text          0x000000000043a980     0x13c0 pico/mode4.o
                0x000000000043b358                PicoFrameStartMode4
                0x000000000043b47c                PicoLineMode4
                0x000000000043b860                PicoDoHighPal555M4
                0x000000000043bcf4                PicoDrawSetOutputMode4
 .text          0x000000000043bd40      0x130 pico/misc.o
                0x000000000043bd40                memcpy16bswap
                0x000000000043bd74                memset32
                0x000000000043bdf0                memset32_uncached
 .text          0x000000000043be70      0xb00 pico/eeprom.o
                0x000000000043be70                EEPROM_write16
                0x000000000043c1e0                EEPROM_write8
                0x000000000043c570                EEPROM_read
 .text          0x000000000043c970     0x1560 pico/patch.o
                0x000000000043c970                genie_decode_ms
                0x000000000043cbc0                ar_decode_ms
                0x000000000043cd58                fusion_ram_decode
                0x000000000043cee4                fusion_rom_decode
                0x000000000043d0d0                decode
                0x000000000043d794                PicoPatchUnload
                0x000000000043d7e0                PicoPatchLoad
                0x000000000043daec                PicoPatchPrepare
                0x000000000043dc30                PicoPatchApply
 .text          0x000000000043ded0     0x1e40 pico/debug.o
                0x000000000043ded0                PDebugMain
                0x000000000043e424                PDebug32x
                0x000000000043e7d8                PDebugSpriteList
                0x000000000043e960                PDebugShowSpriteStats
                0x000000000043eb14                PDebugShowPalette
                0x000000000043ecc0                PDebugShowSprite
                0x000000000043eef4                PDebugDumpMem
                0x000000000043f9fc                PDebugZ80Frame
                0x000000000043fcdc                PDebugCPUStep
 .text          0x000000000043fd10      0xdd0 pico/media.o
                0x000000000043fd10                PicoCdCheck
                0x0000000000440198                PicoLoadMedia
 .text          0x0000000000440ae0      0xc40 pico/sms.o
                0x0000000000441098                PicoResetMS
                0x00000000004410cc                PicoPowerMS
                0x00000000004411c0                PicoMemSetupMS
                0x0000000000441350                PicoStateLoadedMS
                0x0000000000441444                PicoFrameMS
                0x00000000004416bc                PicoFrameDrawOnlyMS
 .text          0x0000000000441720     0x2150 pico/cd/mcd.o
                0x0000000000441cc4                PicoInitMCD
                0x0000000000441cd8                PicoExitMCD
                0x0000000000441ce0                PicoPowerMCD
                0x0000000000441ea0                pcd_soft_reset
                0x0000000000441ffc                PicoResetMCD
                0x000000000044209c                pcd_cycles_m68k_to_s68k
                0x00000000004420c0                pcd_event_schedule
                0x0000000000442124                pcd_event_schedule_s68k
                0x00000000004421d0                pcd_sync_s68k
                0x0000000000442748                pcd_run_cpus
                0x00000000004428c0                pcd_run_cpus_lockstep
                0x0000000000442980                pcd_prepare_frame
                0x00000000004429f0                PicoFrameMCD
                0x000000000044357c                pcd_state_loaded
 .text          0x0000000000443870     0x42e0 pico/cd/memory.o
                0x0000000000443870                s68k_read8
                0x00000000004438c0                s68k_read16
                0x000000000044390c                s68k_read32
                0x00000000004439a4                s68k_write8
                0x00000000004439f4                s68k_write16
                0x0000000000443a40                s68k_write32
                0x00000000004454d4                PicoRead8_mcd_io
                0x00000000004457a4                PicoRead16_mcd_io
                0x00000000004463d4                PicoWrite16_mcd_io
                0x0000000000446bb4                PicoWrite8_mcd_io
                0x0000000000446fd4                m68k_comm_check
                0x00000000004470d0                s68k_poll_detect
                0x000000000044718c                s68k_reg_write16
                0x00000000004473f0                pcd_state_loaded_mem
                0x000000000044756c                PicoMemSetupCD
 .text          0x0000000000447b50      0x1d0 pico/cd/sek.o
                0x0000000000447bb0                SekInitS68k
                0x0000000000447c14                SekResetS68k
                0x0000000000447c64                SekInterruptS68k
                0x0000000000447cc0                SekInterruptClearS68k
 .text          0x0000000000447d20     0x10e0 pico/cd/cdc.o
                0x0000000000447d20                cdc_init
                0x0000000000447d40                cdc_reset
                0x0000000000447dbc                cdc_context_save
                0x0000000000447e60                cdc_context_load
                0x0000000000447f34                cdc_context_load_old
                0x00000000004480e8                cdc_dma_update
                0x00000000004484c8                cdc_decoder_update
                0x0000000000448608                cdc_reg_w
                0x0000000000448a70                cdc_reg_r
                0x0000000000448cc8                cdc_host_r
 .text          0x0000000000448e00     0x1cd0 pico/cd/cdd.o
                0x0000000000448e00                cdd_reset
                0x0000000000448e34                cdd_context_save
                0x0000000000448eac                cdd_context_load
                0x0000000000449004                cdd_context_load_old
                0x0000000000449028                cdd_unload
                0x00000000004491ac                cdd_load
                0x00000000004496ac                cdd_read_data
                0x0000000000449748                cdd_update
                0x0000000000449b6c                cdd_process
 .text          0x000000000044aad0      0xf60 pico/cd/cd_image.o
                0x000000000044aad0                load_cd_image
 .text          0x000000000044ba30     0x16e0 pico/cd/cue.o
                0x000000000044ba30                cue_parse
                0x000000000044d084                cue_destroy
 .text          0x000000000044d110      0xb20 pico/cd/gfx.o
                0x000000000044d110                gfx_init
                0x000000000044d4e8                gfx_context_save
                0x000000000044d5a8                gfx_context_load
                0x000000000044d664                gfx_start
                0x000000000044d84c                gfx_update
 .text          0x000000000044dc30      0x2f0 pico/cd/gfx_dma.o
                0x000000000044dc30                DmaSlowCell
 .text          0x000000000044df20       0x80 pico/cd/misc.o
                0x000000000044df20                wram_2M_to_1M
                0x000000000044df60                wram_1M_to_2M
 .text          0x000000000044dfa0      0x620 pico/cd/pcm.o
                0x000000000044dfa0                pcd_pcm_sync
                0x000000000044e238                pcd_pcm_write
                0x000000000044e394                pcd_pcm_read
                0x000000000044e440                pcd_pcm_update
 .text          0x000000000044e5c0     0x2a50 pico/32x/32x.o
                0x000000000044ebe8                p32x_update_irls
                0x000000000044ed94                p32x_trigger_irq
                0x000000000044ede8                p32x_update_cmd_irq
                0x000000000044ee74                Pico32xStartup
                0x000000000044ef90                p32x_reset_sh2s
                0x000000000044f19c                Pico32xInit
                0x000000000044f200                PicoPower32x
                0x000000000044f250                PicoUnload32x
                0x000000000044f2d0                PicoReset32x
                0x000000000044f474                p32x_schedule_hint
                0x000000000044f5a0                p32x_event_schedule
                0x000000000044f5e4                p32x_event_schedule_sh2
                0x000000000044f67c                p32x_sync_other_sh2
                0x000000000044f79c                p32x_sync_sh2s
                0x000000000044f7cc                sync_sh2s_lockstep
                0x000000000044f868                PicoFrame32x
                0x0000000000450d0c                Pico32xSetClocks
                0x0000000000450da4                Pico32xStateLoaded
 .text          0x0000000000451010     0x4420 pico/32x/memory.o
                0x0000000000453004                p32x_m68k_poll_event
                0x000000000045304c                p32x_sh2_poll_event
                0x000000000045308c                PicoRead8_32x
                0x0000000000453100                PicoRead16_32x
                0x0000000000453168                PicoWrite8_32x
                0x0000000000453240                PicoWrite16_32x
                0x0000000000453310                p32x_sh2_read8
                0x0000000000453354                p32x_sh2_read16
                0x000000000045339c                p32x_sh2_read32
                0x000000000045347c                p32x_sh2_write8
                0x0000000000453498                p32x_sh2_write16
                0x00000000004534b4                p32x_sh2_write32
                0x000000000045355c                Pico32xSwapDRAM
                0x0000000000454454                PicoMemSetup32x
                0x000000000045509c                p32x_update_banks
                0x0000000000455364                Pico32xMemStateLoaded
 .text          0x0000000000455430     0x17c0 pico/32x/draw.o
                0x00000000004563e0                FinalizeLine32xRGB555
                0x00000000004566e4                PicoDraw32xLayer
                0x000000000045694c                PicoDraw32xLayerMdOnly
                0x0000000000456b60                PicoDrawSetOutFormat32x
 .text          0x0000000000456bf0     0x1580 pico/32x/sh2soc.o
                0x00000000004571c4                p32x_timers_recalc
                0x0000000000457254                p32x_timers_do
                0x0000000000457354                sh2_peripheral_reset
                0x00000000004573b8                sh2_peripheral_read8
                0x00000000004573cc                sh2_peripheral_read16
                0x00000000004573e0                sh2_peripheral_read32
                0x00000000004573f0                sh2_peripheral_write8
                0x0000000000457644                sh2_peripheral_write16
                0x00000000004576f8                sh2_peripheral_write32
                0x0000000000457970                p32x_dreq0_trigger
                0x0000000000457bb0                p32x_dreq1_trigger
 .text          0x0000000000458170      0xee0 pico/32x/pwm.o
                0x00000000004584ac                p32x_pwm_ctl_changed
                0x0000000000458530                p32x_pwm_schedule
                0x0000000000458644                p32x_pwm_schedule_sh2
                0x0000000000458780                p32x_pwm_sync_to_sh2
                0x00000000004587ec                p32x_pwm_irq_event
                0x0000000000458900                p32x_pwm_read16
                0x0000000000458a14                p32x_pwm_write16
                0x0000000000458cb4                p32x_pwm_update
                0x0000000000458f48                p32x_pwm_state_loaded
 .text          0x0000000000459050      0x2e0 pico/pico/pico.o
                0x0000000000459188                PicoReratePico
                0x0000000000459220                PicoInitPico
 .text          0x0000000000459330      0x2c0 pico/pico/memory.o
                0x0000000000459508                PicoMemSetupPico
 .text          0x00000000004595f0      0x480 pico/pico/xpcm.o
                0x00000000004595f0                PicoPicoPCMReset
                0x000000000045962c                PicoPicoPCMRerate
                0x0000000000459658                PicoPicoPCMUpdate
 .text          0x0000000000459a70     0x2620 pico/carthw/carthw.o
                0x000000000045a72c                carthw_ssf2_write16
                0x000000000045a8a0                carthw_ssf2_write8
                0x000000000045b8c0                carthw_ssf2_startup
                0x000000000045b98c                carthw_Xin1_startup
                0x000000000045ba0c                carthw_realtec_startup
                0x000000000045bb18                carthw_radica_startup
                0x000000000045bb98                carthw_pier_startup
                0x000000000045bd94                carthw_sprot_new_location
                0x000000000045bf24                carthw_sprot_startup
                0x000000000045bf84                carthw_prot_lk3_startup
 .text          0x000000000045c090      0x3d0 pico/carthw/eeprom_spi.o
                0x000000000045c090                eeprom_spi_init
                0x000000000045c0c8                eeprom_spi_write
                0x000000000045c448                eeprom_spi_read
 .text          0x000000000045c460      0x280 pico/carthw/svp/svp.o
                0x000000000045c580                PicoSVPInit
                0x000000000045c588                PicoSVPStartup
 .text          0x000000000045c6e0      0x4c0 pico/carthw/svp/memory.o
                0x000000000045c9c8                PicoSVPMemSetup
 .text          0x000000000045cba0     0x3a30 pico/carthw/svp/ssp16.o
                0x000000000045e974                ssp1601_reset
                0x000000000045e99c                ssp1601_run
 .text          0x00000000004605d0     0x1520 pico/sound/sound.o
                0x0000000000460ae8                PsndReset
                0x0000000000460cf4                PsndRerate
                0x0000000000461168                PsndStartFrame
                0x00000000004611f0                PsndDoDAC
                0x00000000004612bc                PsndDoPSG
                0x000000000046135c                cdda_start_play
                0x0000000000461460                PsndClear
                0x0000000000461524                PsndGetSamples
                0x00000000004618c4                PsndGetSamplesMS
 .text          0x0000000000461af0      0x650 pico/sound/sn76496.o
                0x0000000000461af0                SN76496Write
                0x0000000000461c94                SN76496Update
                0x0000000000461fb8                SN76496_init
 .text          0x0000000000462140     0xc6d0 pico/sound/ym2612.o
                0x00000000004637a8                YM2612UpdateOne_
                0x0000000000466038                YM2612ResetChip_
                0x0000000000466aa4                YM2612Init_
                0x000000000046d7c8                YM2612Write_
                0x000000000046e0a0                YM2612PicoStateLoad_
                0x000000000046e1dc                YM2612PicoStateSave2
                0x000000000046e464                YM2612PicoStateLoad2
                0x000000000046e800                YM2612GetRegs
 .text          0x000000000046e810      0x190 pico/sound/mix.o
                0x000000000046e810                mix_32_to_16l_stereo
                0x000000000046e874                mix_32_to_16_mono
                0x000000000046e8c4                mix_16h_to_32
                0x000000000046e8f8                mix_16h_to_32_s1
                0x000000000046e948                mix_16h_to_32_s2
 .text          0x000000000046e9a0    0x5eea0 cpu/fame/famec.o
                0x000000000046ea7c                fm68k_get_pc
                0x000000000046ea84                fm68k_would_interrupt
                0x000000000046ea9c                fm68k_emulate
                0x00000000004cd754                fm68k_init
                0x00000000004cd778                fm68k_reset
                0x00000000004cd818                fm68k_idle_install
                0x00000000004cd828                fm68k_idle_remove
 .text          0x00000000004cd840     0xb430 cpu/cz80/cz80.o
                0x00000000004cd848                Cz80_Init
                0x00000000004cdd4c                Cz80_Reset
                0x00000000004cdd94                Cz80_Exec
                0x00000000004d8590                Cz80_Set_IRQ
                0x00000000004d88b8                Cz80_Get_Reg
                0x00000000004d8984                Cz80_Set_Reg
                0x00000000004d8a70                Cz80_Set_Fetch
                0x00000000004d8c3c                Cz80_Set_ReadB
                0x00000000004d8c44                Cz80_Set_WriteB
                0x00000000004d8c4c                Cz80_Set_INPort
                0x00000000004d8c54                Cz80_Set_OUTPort
                0x00000000004d8c5c                Cz80_Set_IRQ_Callback
 .text          0x00000000004d8c70       0xa0 cpu/drc/cmn.o
                0x00000000004d8c70                drc_cmn_init
                0x00000000004d8cfc                drc_cmn_cleanup
 .text          0x00000000004d8d10      0x430 cpu/sh2/sh2.o
                0x00000000004d8d10                sh2_init
                0x00000000004d8d90                sh2_finish
                0x00000000004d8d98                sh2_reset
                0x00000000004d8e00                sh2_do_irq
                0x00000000004d8ed8                sh2_irl_irq
                0x00000000004d9038                sh2_internal_irq
                0x00000000004d905c                sh2_pack
                0x00000000004d90c8                sh2_unpack
 .text          0x00000000004d9140     0x2a50 cpu/sh2/mame/sh2pico.o
                0x00000000004d98bc                sh2_execute_interpreter
 .text          0x00000000004dbb90      0x490 /home/steward/Downloads/buildroot-2017.02.9/output/host/usr/lib/gcc/mipsel-buildroot-linux-uclibc/5.4.0/libgcc.a(_divdi3.o)
                0x00000000004dbb90                __divdi3
 .text          0x00000000004dc020      0x4c0 /home/steward/Downloads/buildroot-2017.02.9/output/host/usr/lib/gcc/mipsel-buildroot-linux-uclibc/5.4.0/libgcc.a(_moddi3.o)
                0x00000000004dc020                __moddi3
 .text          0x00000000004dc4e0       0x50 /home/steward/Downloads/buildroot-2017.02.9/output/host/usr/lib/gcc/mipsel-buildroot-linux-uclibc/5.4.0/crtend.o
 .text          0x00000000004dc530        0x0 /home/steward/Downloads/buildroot-2017.02.9/output/host/usr/mipsel-buildroot-linux-uclibc/sysroot/usr/lib/crtn.o
 *(.gnu.warning)
 *(.mips16.fn.*)
 *(.mips16.call.*)

.MIPS.stubs     0x00000000004dc530      0x870
 .MIPS.stubs    0x00000000004dc530      0x870 /home/steward/Downloads/buildroot-2017.02.9/output/host/usr/mipsel-buildroot-linux-uclibc/sysroot/usr/lib/crt1.o
                0x00000000004dc530                opendir
                0x00000000004dc530                _MIPS_STUBS_
                0x00000000004dc540                SDL_JoystickOpen
                0x00000000004dc550                SDL_UnlockSurface
                0x00000000004dc560                memcmp
                0x00000000004dc570                qsort
                0x00000000004dc580                ioctl
                0x00000000004dc590                png_set_IHDR@@PNG16_0
                0x00000000004dc5a0                remove
                0x00000000004dc5b0                png_create_write_struct@@PNG16_0
                0x00000000004dc5c0                realloc
                0x00000000004dc5d0                __uClibc_main
                0x00000000004dc5e0                SDL_WM_SetCaption
                0x00000000004dc5f0                sscanf
                0x00000000004dc600                gettimeofday
                0x00000000004dc610                SDL_DisplayYUVOverlay
                0x00000000004dc620                SDL_JoystickName
                0x00000000004dc630                SDL_Quit
                0x00000000004dc640                inflate
                0x00000000004dc650                SDL_Delay
                0x00000000004dc660                SDL_GetError
                0x00000000004dc670                SDL_Flip
                0x00000000004dc680                snprintf
                0x00000000004dc690                png_write_info@@PNG16_0
                0x00000000004dc6a0                png_set_longjmp_fn@@PNG16_0
                0x00000000004dc6b0                strcmp
                0x00000000004dc6c0                time
                0x00000000004dc6d0                SDL_JoystickClose
                0x00000000004dc6e0                inflateReset
                0x00000000004dc6f0                inflateInit2_
                0x00000000004dc700                memset
                0x00000000004dc710                stpcpy
                0x00000000004dc720                SDL_QuitSubSystem
                0x00000000004dc730                alphasort
                0x00000000004dc740                png_destroy_write_struct@@PNG16_0
                0x00000000004dc750                malloc
                0x00000000004dc760                getcwd
                0x00000000004dc770                memmove
                0x00000000004dc780                SDL_VideoDriverName
                0x00000000004dc790                gzread
                0x00000000004dc7a0                strcat
                0x00000000004dc7b0                rand
                0x00000000004dc7c0                log
                0x00000000004dc7d0                strncmp
                0x00000000004dc7e0                strcpy
                0x00000000004dc7f0                strrchr
                0x00000000004dc800                fstat
                0x00000000004dc810                closedir
                0x00000000004dc820                strdup
                0x00000000004dc830                sleep
                0x00000000004dc840                open
                0x00000000004dc850                pow
                0x00000000004dc860                png_read_png@@PNG16_0
                0x00000000004dc870                SDL_PauseAudio
                0x00000000004dc880                strstr
                0x00000000004dc890                SDL_NumJoysticks
                0x00000000004dc8a0                png_get_rows@@PNG16_0
                0x00000000004dc8b0                munmap
                0x00000000004dc8c0                png_destroy_read_struct@@PNG16_0
                0x00000000004dc8d0                perror
                0x00000000004dc8e0                strchr
                0x00000000004dc8f0                strncasecmp
                0x00000000004dc900                png_get_image_height@@PNG16_0
                0x00000000004dc910                rewind
                0x00000000004dc920                ftell
                0x00000000004dc930                SDL_JoystickEventState
                0x00000000004dc940                SDL_PushEvent
                0x00000000004dc950                png_create_info_struct@@PNG16_0
                0x00000000004dc960                printf
                0x00000000004dc970                SDL_CloseAudio
                0x00000000004dc980                mremap
                0x00000000004dc990                SDL_LockYUVOverlay
                0x00000000004dc9a0                readlink
                0x00000000004dc9b0                strncpy
                0x00000000004dc9c0                putchar
                0x00000000004dc9d0                png_get_bit_depth@@PNG16_0
                0x00000000004dc9e0                exit
                0x00000000004dc9f0                png_write_end@@PNG16_0
                0x00000000004dca00                png_write_image@@PNG16_0
                0x00000000004dca10                fprintf
                0x00000000004dca20                vprintf
                0x00000000004dca30                gzsetparams
                0x00000000004dca40                floor
                0x00000000004dca50                SDL_CreateYUVOverlay
                0x00000000004dca60                fgets
                0x00000000004dca70                inflateEnd
                0x00000000004dca80                strncat
                0x00000000004dca90                strtoul
                0x00000000004dcaa0                close
                0x00000000004dcab0                gmtime
                0x00000000004dcac0                SDL_Init
                0x00000000004dcad0                setlocale
                0x00000000004dcae0                sin
                0x00000000004dcaf0                calloc
                0x00000000004dcb00                png_get_image_width@@PNG16_0
                0x00000000004dcb10                read
                0x00000000004dcb20                gzwrite
                0x00000000004dcb30                SDL_UnlockYUVOverlay
                0x00000000004dcb40                SDL_FreeYUVOverlay
                0x00000000004dcb50                SDL_SetVideoMode
                0x00000000004dcb60                __errno_location
                0x00000000004dcb70                mkdir
                0x00000000004dcb80                fcntl
                0x00000000004dcb90                SDL_InitSubSystem
                0x00000000004dcba0                vsnprintf
                0x00000000004dcbb0                SDL_LockSurface
                0x00000000004dcbc0                localtime
                0x00000000004dcbd0                mprotect
                0x00000000004dcbe0                crc32
                0x00000000004dcbf0                atof
                0x00000000004dcc00                png_init_io@@PNG16_0
                0x00000000004dcc10                free
                0x00000000004dcc20                strftime
                0x00000000004dcc30                atoi
                0x00000000004dcc40                stat
                0x00000000004dcc50                _setjmp
                0x00000000004dcc60                png_create_read_struct@@PNG16_0
                0x00000000004dcc70                puts
                0x00000000004dcc80                fopen
                0x00000000004dcc90                SDL_PeepEvents
                0x00000000004dcca0                select
                0x00000000004dccb0                fileno
                0x00000000004dccc0                SDL_GetVideoInfo
                0x00000000004dccd0                sprintf
                0x00000000004dcce0                getenv
                0x00000000004dccf0                memcpy
                0x00000000004dcd00                strlen
                0x00000000004dcd10                scandir
                0x00000000004dcd20                strtol
                0x00000000004dcd30                usleep
                0x00000000004dcd40                mmap
                0x00000000004dcd50                strcasecmp
                0x00000000004dcd60                SDL_OpenAudio
                0x00000000004dcd70                gzopen
                0x00000000004dcd80                SDL_PumpEvents

.fini           0x00000000004dcda0       0x4c
 *(SORT(.fini))
 .fini          0x00000000004dcda0       0x1c /home/steward/Downloads/buildroot-2017.02.9/output/host/usr/mipsel-buildroot-linux-uclibc/sysroot/usr/lib/crti.o
                0x00000000004dcda0                _fini
 .fini          0x00000000004dcdbc       0x24 /home/steward/Downloads/buildroot-2017.02.9/output/host/usr/lib/gcc/mipsel-buildroot-linux-uclibc/5.4.0/crtbegin.o
 .fini          0x00000000004dcde0        0xc /home/steward/Downloads/buildroot-2017.02.9/output/host/usr/mipsel-buildroot-linux-uclibc/sysroot/usr/lib/crtn.o
                [!provide]                        PROVIDE (__etext, .)
                [!provide]                        PROVIDE (_etext, .)
                [!provide]                        PROVIDE (etext, .)

.rodata         0x00000000004dcdf0     0x8bd0
 *(.rodata .rodata.* .gnu.linkonce.r.*)
 .rodata.str1.4
                0x00000000004dcdf0       0x46 platform/opendingux/inputmap.o
                                         0x54 (size before relaxing)
 *fill*         0x00000000004dce36        0xa 
 .rodata        0x00000000004dce40       0x70 platform/opendingux/inputmap.o
                0x00000000004dce40                in_sdl_key_map
                0x00000000004dce68                in_sdl_defbinds
 .rodata.str1.4
                0x00000000004dceb0       0x47 platform/linux/emu.o
                                         0x4c (size before relaxing)
 *fill*         0x00000000004dcef7        0x1 
 .rodata.str1.4
                0x00000000004dcef8        0xf platform/common/plat_sdl.o
                                         0x18 (size before relaxing)
 *fill*         0x00000000004dcf07        0x9 
 .rodata        0x00000000004dcf10       0xb0 platform/common/plat_sdl.o
                0x00000000004dcf10                in_sdl_joy_map
 .rodata.cst4   0x00000000004dcfc0       0x1c platform/common/plat_sdl.o
 .rodata.str1.4
                0x00000000004dcfdc      0x270 platform/libpicofe/plat_sdl.o
 *fill*         0x00000000004dd24c        0x4 
 .rodata        0x00000000004dd250       0x40 platform/libpicofe/plat_sdl.o
 .rodata.str1.4
                0x00000000004dd290      0x28c platform/libpicofe/in_sdl.o
                                        0x304 (size before relaxing)
 .rodata.str1.4
                0x00000000004dd51c      0x16a platform/common/main.o
                                        0x16c (size before relaxing)
 *fill*         0x00000000004dd686        0xa 
 .rodata        0x00000000004dd690       0x30 platform/common/main.o
 .rodata.str1.4
                0x00000000004dd6c0      0x578 platform/common/emu.o
                                        0x598 (size before relaxing)
 .rodata.str1.4
                0x00000000004ddc38      0xba0 platform/common/menu_pico.o
                                        0xbcc (size before relaxing)
 *fill*         0x00000000004de7d8        0x8 
 .rodata        0x00000000004de7e0      0x620 platform/common/menu_pico.o
 .rodata.str1.4
                0x00000000004dee00      0x2eb platform/common/config_file.o
                                        0x340 (size before relaxing)
 *fill*         0x00000000004df0eb        0x5 
 .rodata        0x00000000004df0f0      0x110 platform/common/config_file.o
 .rodata.str1.4
                0x00000000004df200      0x1eb platform/libpicofe/input.o
                                        0x1ec (size before relaxing)
 *fill*         0x00000000004df3eb        0x1 
 .rodata.str1.4
                0x00000000004df3ec      0x32f platform/libpicofe/readpng.o
                                        0x338 (size before relaxing)
 *fill*         0x00000000004df71b        0x1 
 .rodata.str1.4
                0x00000000004df71c      0x553 platform/libpicofe/linux/in_evdev.o
                                        0x624 (size before relaxing)
 *fill*         0x00000000004dfc6f        0x1 
 .rodata.str1.4
                0x00000000004dfc70      0x13a platform/libpicofe/linux/plat.o
                                        0x13c (size before relaxing)
 *fill*         0x00000000004dfdaa        0x2 
 .rodata.str1.4
                0x00000000004dfdac       0x29 platform/libpicofe/sndout.o
                                         0x2c (size before relaxing)
 *fill*         0x00000000004dfdd5        0x3 
 .rodata.str1.4
                0x00000000004dfdd8       0x13 platform/libpicofe/sndout_sdl.o
                                         0x14 (size before relaxing)
 *fill*         0x00000000004dfdeb        0x1 
 .rodata.str1.4
                0x00000000004dfdec      0x402 unzip/unzip.o
                                        0x408 (size before relaxing)
 *fill*         0x00000000004e01ee        0x2 
 .rodata.str1.4
                0x00000000004e01f0       0x2a pico/pico.o
                                         0x2c (size before relaxing)
 *fill*         0x00000000004e021a        0x6 
 .rodata        0x00000000004e0220       0x80 pico/pico.o
 .rodata.str1.4
                0x00000000004e02a0      0x4e5 pico/cart.o
                                        0x518 (size before relaxing)
 *fill*         0x00000000004e0785        0xb 
 .rodata        0x00000000004e0790     0x1340 pico/cart.o
 .rodata        0x00000000004e1ad0       0xf0 pico/memory.o
 .rodata.str1.4
                0x00000000004e1bc0       0x85 pico/memory.o
                                         0x88 (size before relaxing)
 *fill*         0x00000000004e1c45        0x3 
 .rodata.cst8   0x00000000004e1c48        0x8 pico/memory.o
 .rodata.str1.4
                0x00000000004e1c50      0x6e1 pico/state.o
                                        0x6f8 (size before relaxing)
 *fill*         0x00000000004e2331        0xf 
 .rodata        0x00000000004e2340      0x190 pico/state.o
 .rodata        0x00000000004e24d0       0x40 pico/sek.o
 .rodata.str1.4
                0x00000000004e2510       0x31 pico/sek.o
                                         0x34 (size before relaxing)
 *fill*         0x00000000004e2541        0x3 
 .rodata.str1.4
                0x00000000004e2544       0x46 pico/z80if.o
                                         0x4c (size before relaxing)
 *fill*         0x00000000004e258a        0x2 
 .rodata.str1.4
                0x00000000004e258c       0x22 pico/videoport.o
                                         0x24 (size before relaxing)
 *fill*         0x00000000004e25ae        0x2 
 .rodata        0x00000000004e25b0       0x10 pico/draw2.o
 .rodata        0x00000000004e25c0       0x50 pico/draw.o
 .rodata        0x00000000004e2610      0x400 pico/misc.o
                0x00000000004e2610                hcounts_32
                0x00000000004e2810                hcounts_40
 .rodata        0x00000000004e2a10       0x30 pico/patch.o
 .rodata.str1.4
                0x00000000004e2a40        0x5 pico/patch.o
                                          0xc (size before relaxing)
 *fill*         0x00000000004e2a45        0x3 
 .rodata.str1.4
                0x00000000004e2a48      0x542 pico/debug.o
                                        0x54c (size before relaxing)
 *fill*         0x00000000004e2f8a        0x2 
 .rodata.str1.4
                0x00000000004e2f8c      0x146 pico/media.o
                                        0x184 (size before relaxing)
 *fill*         0x00000000004e30d2        0xe 
 .rodata        0x00000000004e30e0       0x10 pico/media.o
 .rodata.str1.4
                0x00000000004e30f0       0x4d pico/sms.o
                                         0x50 (size before relaxing)
 *fill*         0x00000000004e313d        0x3 
 .rodata        0x00000000004e3140      0x6b0 pico/cd/memory.o
 .rodata        0x00000000004e37f0       0xd0 pico/cd/cdc.o
 .rodata.str1.4
                0x00000000004e38c0       0x83 pico/cd/cdd.o
                                         0x94 (size before relaxing)
 *fill*         0x00000000004e3943        0xd 
 .rodata        0x00000000004e3950      0x2f0 pico/cd/cdd.o
 .rodata.str1.4
                0x00000000004e3c40      0x16a pico/cd/cd_image.o
                                        0x170 (size before relaxing)
 *fill*         0x00000000004e3daa        0x2 
 .rodata.str1.4
                0x00000000004e3dac      0x1f4 pico/cd/cue.o
                                        0x214 (size before relaxing)
 .rodata.str1.4
                0x00000000004e3fa0       0x57 pico/32x/32x.o
                                         0x58 (size before relaxing)
 *fill*         0x00000000004e3ff7        0x1 
 .rodata.cst4   0x00000000004e3ff8        0xc pico/32x/32x.o
 *fill*         0x00000000004e4004        0xc 
 .rodata        0x00000000004e4010      0x580 pico/32x/memory.o
 .rodata.str1.4
                0x00000000004e4590       0x9b pico/32x/memory.o
                                         0x9c (size before relaxing)
 *fill*         0x00000000004e462b        0x5 
 .rodata        0x00000000004e4630       0x30 pico/32x/pwm.o
 .rodata.str1.4
                0x00000000004e4660       0x19 pico/pico/pico.o
                                         0x1c (size before relaxing)
 *fill*         0x00000000004e4679        0x7 
 .rodata        0x00000000004e4680       0x20 pico/pico/pico.o
 .rodata        0x00000000004e46a0       0x50 pico/pico/memory.o
 .rodata        0x00000000004e46f0       0x60 pico/pico/xpcm.o
 .rodata.str1.4
                0x00000000004e4750      0x199 pico/carthw/carthw.o
                                        0x1ac (size before relaxing)
 *fill*         0x00000000004e48e9        0x7 
 .rodata        0x00000000004e48f0       0x50 pico/carthw/carthw.o
 .rodata        0x00000000004e4940       0x20 pico/carthw/eeprom_spi.o
 .rodata.str1.4
                0x00000000004e4960       0x35 pico/carthw/svp/svp.o
                                         0x38 (size before relaxing)
 *fill*         0x00000000004e4995        0xb 
 .rodata        0x00000000004e49a0      0x370 pico/carthw/svp/ssp16.o
 .rodata.cst8   0x00000000004e4d10       0x10 pico/sound/sn76496.o
                                         0x18 (size before relaxing)
 .rodata        0x00000000004e4d20      0x430 pico/sound/ym2612.o
 .rodata.cst8   0x00000000004e5150       0xb8 pico/sound/ym2612.o
                                         0xc8 (size before relaxing)
 *fill*         0x00000000004e5208        0x8 
 .rodata        0x00000000004e5210      0x400 cpu/fame/famec.o
 .rodata        0x00000000004e5610       0xa0 cpu/cz80/cz80.o
 .rodata.str1.4
                0x00000000004e56b0       0x2c cpu/drc/cmn.o
 .rodata.str1.4
                0x00000000004e56dc       0x20 cpu/sh2/mame/sh2pico.o
 *fill*         0x00000000004e56fc        0x4 
 .rodata        0x00000000004e5700      0x2c0 cpu/sh2/mame/sh2pico.o

.rodata1
 *(.rodata1)

.sdata2
 *(.sdata2 .sdata2.* .gnu.linkonce.s2.*)

.sbss2
 *(.sbss2 .sbss2.* .gnu.linkonce.sb2.*)

.eh_frame_hdr   0x00000000004e59c0       0x1c
 *(.eh_frame_hdr)
 .eh_frame_hdr  0x00000000004e59c0       0x1c /home/steward/Downloads/buildroot-2017.02.9/output/host/usr/lib/gcc/mipsel-buildroot-linux-uclibc/5.4.0/libgcc.a(_divdi3.o)
                0x00000000004e59c0                __GNU_EH_FRAME_HDR
 *(.eh_frame_entry .eh_frame_entry.*)

.eh_frame       0x00000000004e59dc       0x4c
 *(.eh_frame)
 .eh_frame      0x00000000004e59dc        0x0 /home/steward/Downloads/buildroot-2017.02.9/output/host/usr/lib/gcc/mipsel-buildroot-linux-uclibc/5.4.0/crtbegin.o
 .eh_frame      0x00000000004e59dc       0x28 /home/steward/Downloads/buildroot-2017.02.9/output/host/usr/lib/gcc/mipsel-buildroot-linux-uclibc/5.4.0/libgcc.a(_divdi3.o)
 .eh_frame      0x00000000004e5a04       0x20 /home/steward/Downloads/buildroot-2017.02.9/output/host/usr/lib/gcc/mipsel-buildroot-linux-uclibc/5.4.0/libgcc.a(_moddi3.o)
                                         0x34 (size before relaxing)
 .eh_frame      0x00000000004e5a24        0x4 /home/steward/Downloads/buildroot-2017.02.9/output/host/usr/lib/gcc/mipsel-buildroot-linux-uclibc/5.4.0/crtend.o
 *(.eh_frame.*)

.gcc_except_table
 *(.gcc_except_table .gcc_except_table.*)

.gnu_extab
 *(.gnu_extab*)

.exception_ranges
 *(.exception_ranges .exception_ranges*)

.plt            0x00000000004e5a28        0x0
 *(.plt)
 .plt           0x00000000004e5a28        0x0 /home/steward/Downloads/buildroot-2017.02.9/output/host/usr/mipsel-buildroot-linux-uclibc/sysroot/usr/lib/crt1.o

.iplt
 *(.iplt)
                0x00000000004f5a28                . = DATA_SEGMENT_ALIGN (0x10000, 0x1000)

.eh_frame
 *(.eh_frame)
 *(.eh_frame.*)

.gnu_extab
 *(.gnu_extab)

.gcc_except_table
 *(.gcc_except_table .gcc_except_table.*)

.exception_ranges
 *(.exception_ranges .exception_ranges*)

.tdata
 *(.tdata .tdata.* .gnu.linkonce.td.*)

.tbss
 *(.tbss .tbss.* .gnu.linkonce.tb.*)
 *(.tcommon)

.preinit_array  0x00000000004f5a28        0x0
                [!provide]                        PROVIDE (__preinit_array_start, .)
 *(.preinit_array)
                [!provide]                        PROVIDE (__preinit_array_end, .)

.init_array     0x00000000004f5a28        0x0
                [!provide]                        PROVIDE (__init_array_start, .)
 *(SORT(.init_array.*))
 *(.init_array)
                [!provide]                        PROVIDE (__init_array_end, .)

.fini_array     0x00000000004f5a28        0x0
                [!provide]                        PROVIDE (__fini_array_start, .)
 *(SORT(.fini_array.*))
 *(.fini_array)
                [!provide]                        PROVIDE (__fini_array_end, .)

.ctors          0x00000000004f5a28        0x8
 *crtbegin.o(.ctors)
 .ctors         0x00000000004f5a28        0x4 /home/steward/Downloads/buildroot-2017.02.9/output/host/usr/lib/gcc/mipsel-buildroot-linux-uclibc/5.4.0/crtbegin.o
 *crtbegin?.o(.ctors)
 *(EXCLUDE_FILE(*crtend?.o *crtend.o) .ctors)
 *(SORT(.ctors.*))
 *(.ctors)
 .ctors         0x00000000004f5a2c        0x4 /home/steward/Downloads/buildroot-2017.02.9/output/host/usr/lib/gcc/mipsel-buildroot-linux-uclibc/5.4.0/crtend.o

.dtors          0x00000000004f5a30        0x8
 *crtbegin.o(.dtors)
 .dtors         0x00000000004f5a30        0x4 /home/steward/Downloads/buildroot-2017.02.9/output/host/usr/lib/gcc/mipsel-buildroot-linux-uclibc/5.4.0/crtbegin.o
 *crtbegin?.o(.dtors)
 *(EXCLUDE_FILE(*crtend?.o *crtend.o) .dtors)
 *(SORT(.dtors.*))
 *(.dtors)
 .dtors         0x00000000004f5a34        0x4 /home/steward/Downloads/buildroot-2017.02.9/output/host/usr/lib/gcc/mipsel-buildroot-linux-uclibc/5.4.0/crtend.o
                0x00000000004f5a34                __DTOR_END__

.jcr            0x00000000004f5a38        0x4
 *(.jcr)
 .jcr           0x00000000004f5a38        0x0 /home/steward/Downloads/buildroot-2017.02.9/output/host/usr/lib/gcc/mipsel-buildroot-linux-uclibc/5.4.0/crtbegin.o
 .jcr           0x00000000004f5a38        0x4 /home/steward/Downloads/buildroot-2017.02.9/output/host/usr/lib/gcc/mipsel-buildroot-linux-uclibc/5.4.0/crtend.o

.data.rel.ro    0x00000000004f5a3c     0x2db4
 *(.data.rel.ro.local* .gnu.linkonce.d.rel.ro.local.*)
 .data.rel.ro.local
                0x00000000004f5a3c      0x50c platform/opendingux/inputmap.o
                0x00000000004f5a3c                in_sdl_key_names
 .data.rel.ro.local
                0x00000000004f5f48      0x548 platform/libpicofe/in_sdl.o
 .data.rel.ro.local
                0x00000000004f6490       0x30 platform/common/emu.o
 .data.rel.ro.local
                0x00000000004f64c0       0x44 platform/common/menu_pico.o
 .data.rel.ro.local
                0x00000000004f6504      0xc3c platform/libpicofe/linux/in_evdev.o
 .data.rel.ro.local
                0x00000000004f7140       0xd8 pico/state.o
 .data.rel.ro.local
                0x00000000004f7218       0x70 pico/cd/memory.o
 .data.rel.ro.local
                0x00000000004f7288       0x28 pico/cd/cd_image.o
 .data.rel.ro.local
                0x00000000004f72b0       0x30 pico/32x/draw.o
 .data.rel.ro.local
                0x00000000004f72e0       0x80 pico/carthw/svp/ssp16.o
 .data.rel.ro.local
                0x00000000004f7360     0x1400 cpu/cz80/cz80.o
 *(.data.rel.ro .data.rel.ro.* .gnu.linkonce.d.rel.ro.*)
 .data.rel.ro   0x00000000004f8760       0x18 platform/common/plat_sdl.o
 .data.rel.ro   0x00000000004f8778        0x8 pico/pico.o
 .data.rel.ro   0x00000000004f8780        0x4 pico/memory.o
 .data.rel.ro   0x00000000004f8784       0x14 pico/state.o
 .data.rel.ro   0x00000000004f8798        0xc pico/videoport.o
 .data.rel.ro   0x00000000004f87a4        0x4 pico/draw2.o
 .data.rel.ro   0x00000000004f87a8        0x8 pico/draw.o
 .data.rel.ro   0x00000000004f87b0        0x4 pico/mode4.o
 .data.rel.ro   0x00000000004f87b4       0x10 pico/debug.o
 .data.rel.ro   0x00000000004f87c4        0x4 pico/sms.o
 .data.rel.ro   0x00000000004f87c8       0x10 pico/cd/mcd.o
 .data.rel.ro   0x00000000004f87d8        0xc pico/cd/gfx_dma.o
 .data.rel.ro   0x00000000004f87e4        0xc pico/32x/32x.o
                0x00000000004f87f0                . = DATA_SEGMENT_RELRO_END (., 0x0)

.got.plt        0x00000000004f87f0        0x0
 *(.got.plt)
 .got.plt       0x00000000004f87f0        0x0 /home/steward/Downloads/buildroot-2017.02.9/output/host/usr/mipsel-buildroot-linux-uclibc/sysroot/usr/lib/crt1.o

.data           0x00000000004f87f0     0x1fb0
                0x00000000004f87f0                _fdata = .
 *(.data .data.* .gnu.linkonce.d.*)
 .data          0x00000000004f87f0       0x10 /home/steward/Downloads/buildroot-2017.02.9/output/host/usr/mipsel-buildroot-linux-uclibc/sysroot/usr/lib/crt1.o
                0x00000000004f87f0                __data_start
                0x00000000004f87f0                data_start
 .data          0x00000000004f8800        0x0 /home/steward/Downloads/buildroot-2017.02.9/output/host/usr/mipsel-buildroot-linux-uclibc/sysroot/usr/lib/crti.o
 .data          0x00000000004f8800        0x0 /home/steward/Downloads/buildroot-2017.02.9/output/host/usr/lib/gcc/mipsel-buildroot-linux-uclibc/5.4.0/crtbegin.o
 .data          0x00000000004f8800        0x0 platform/opendingux/inputmap.o
 .data          0x00000000004f8800        0x0 platform/linux/emu.o
 .data.rel.local
                0x00000000004f8800       0x20 platform/linux/emu.o
                0x00000000004f8800                renderer_names32x
                0x00000000004f8810                renderer_names
 .data          0x00000000004f8820        0x0 platform/linux/blit.o
 .data          0x00000000004f8820        0x0 platform/common/plat_sdl.o
 .data          0x00000000004f8820       0x10 platform/libpicofe/plat_sdl.o
 .data          0x00000000004f8830        0x0 platform/libpicofe/in_sdl.o
 .data          0x00000000004f8830        0x0 platform/libpicofe/plat_dummy.o
 .data          0x00000000004f8830       0x10 platform/common/main.o
 .data          0x00000000004f8840       0x20 platform/common/emu.o
                0x00000000004f8848                engineState
                0x00000000004f884c                pico_pen_y
                0x00000000004f8850                pico_pen_x
                0x00000000004f8854                g_screen_ppitch
                0x00000000004f8858                g_screen_height
                0x00000000004f885c                g_screen_width
 .data.rel.local
                0x00000000004f8860        0x4 platform/common/emu.o
                0x00000000004f8860                PicoConfigFile
 *fill*         0x00000000004f8864        0xc 
 .data          0x00000000004f8870       0x10 platform/common/menu_pico.o
 .data.rel      0x00000000004f8880      0xbdc platform/common/menu_pico.o
 .data.rel.local
                0x00000000004f945c      0x508 platform/common/menu_pico.o
                0x00000000004f9838                indev_names
                0x00000000004f9848                emuctrl_actions
                0x00000000004f98b8                me_ctrl_actions
 *fill*         0x00000000004f9964        0xc 
 .data          0x00000000004f9970        0x0 platform/common/config_file.o
 .data          0x00000000004f9970        0x0 platform/libpicofe/input.o
 .data          0x00000000004f9970        0x0 platform/libpicofe/readpng.o
 .data          0x00000000004f9970      0xc00 platform/libpicofe/fonts.o
                0x00000000004f9970                fontdata6x8
                0x00000000004fa170                fontdata8x8
 .data          0x00000000004fa570        0x0 platform/libpicofe/linux/in_evdev.o
 .data          0x00000000004fa570        0x0 platform/libpicofe/linux/plat.o
 .data          0x00000000004fa570        0x0 platform/libpicofe/sndout.o
 .data.rel      0x00000000004fa570       0x38 platform/libpicofe/sndout.o
 *fill*         0x00000000004fa5a8        0x8 
 .data          0x00000000004fa5b0        0x0 platform/libpicofe/sndout_sdl.o
 .data          0x00000000004fa5b0       0x20 platform/common/mp3.o
                0x00000000004fa5b0                mpeg1_l3_bitrates
 .data          0x00000000004fa5d0        0x0 platform/common/mp3_dummy.o
 .data          0x00000000004fa5d0       0x10 unzip/unzip.o
 .data          0x00000000004fa5e0        0x0 pico/pico.o
 .data          0x00000000004fa5e0        0x0 pico/cart.o
 .data          0x00000000004fa5e0        0x0 pico/memory.o
 .data.rel.local
                0x00000000004fa5e0        0xc pico/memory.o
 *fill*         0x00000000004fa5ec        0x4 
 .data          0x00000000004fa5f0        0x0 pico/state.o
 .data          0x00000000004fa5f0        0x0 pico/sek.o
 .data          0x00000000004fa5f0        0x0 pico/z80if.o
 .data          0x00000000004fa5f0        0x0 pico/videoport.o
 .data          0x00000000004fa5f0        0x0 pico/draw2.o
 .data.rel      0x00000000004fa5f0        0x4 pico/draw2.o
                0x00000000004fa5f0                PicoCramHigh
 *fill*         0x00000000004fa5f4        0xc 
 .data          0x00000000004fa600        0x0 pico/draw.o
 .data.rel.local
                0x00000000004fa600        0x8 pico/draw.o
                0x00000000004fa600                DrawLineDestBase
 *fill*         0x00000000004fa608        0x8 
 .data          0x00000000004fa610        0x0 pico/mode4.o
 .data          0x00000000004fa610        0x0 pico/misc.o
 .data          0x00000000004fa610       0x10 pico/eeprom.o
 .data          0x00000000004fa620       0x70 pico/patch.o
 .data          0x00000000004fa690        0x0 pico/debug.o
 .data          0x00000000004fa690        0x0 pico/media.o
 .data          0x00000000004fa690        0x0 pico/sms.o
 .data          0x00000000004fa690        0x0 pico/cd/mcd.o
 .data          0x00000000004fa690        0x0 pico/cd/memory.o
 .data          0x00000000004fa690        0x0 pico/cd/sek.o
 .data          0x00000000004fa690        0x0 pico/cd/cdc.o
 .data          0x00000000004fa690        0x0 pico/cd/cdd.o
 .data          0x00000000004fa690        0x0 pico/cd/cd_image.o
 .data          0x00000000004fa690        0x0 pico/cd/cue.o
 .data          0x00000000004fa690        0x0 pico/cd/gfx.o
 .data          0x00000000004fa690        0x0 pico/cd/gfx_dma.o
 .data          0x00000000004fa690       0x40 pico/cd/misc.o
                0x00000000004fa690                formatted_bram
 .data          0x00000000004fa6d0        0x0 pico/cd/pcm.o
 .data          0x00000000004fa6d0        0x0 pico/32x/32x.o
 .data          0x00000000004fa6d0        0x0 pico/32x/memory.o
 .data          0x00000000004fa6d0        0x0 pico/32x/draw.o
 .data          0x00000000004fa6d0        0x0 pico/32x/sh2soc.o
 .data          0x00000000004fa6d0        0x0 pico/32x/pwm.o
 .data          0x00000000004fa6d0       0x10 pico/pico/pico.o
 .data          0x00000000004fa6e0        0x0 pico/pico/memory.o
 .data          0x00000000004fa6e0       0x10 pico/pico/xpcm.o
 .data          0x00000000004fa6f0       0x10 pico/carthw/carthw.o
 .data.rel.local
                0x00000000004fa700       0x48 pico/carthw/carthw.o
 .data.rel      0x00000000004fa748       0x18 pico/carthw/carthw.o
 .data          0x00000000004fa760        0x0 pico/carthw/eeprom_spi.o
 .data          0x00000000004fa760       0x30 pico/carthw/svp/svp.o
 .data          0x00000000004fa790        0x0 pico/carthw/svp/memory.o
 .data          0x00000000004fa790        0x0 pico/carthw/svp/ssp16.o
 .data          0x00000000004fa790        0x0 pico/sound/sound.o
 .data.rel      0x00000000004fa790        0x4 pico/sound/sound.o
                0x00000000004fa790                PsndMix_32_to_16l
 *fill*         0x00000000004fa794        0xc 
 .data          0x00000000004fa7a0        0x0 pico/sound/sn76496.o
 .data          0x00000000004fa7a0        0x0 pico/sound/ym2612.o
 .data          0x00000000004fa7a0        0x0 pico/sound/mix.o
 .data          0x00000000004fa7a0        0x0 cpu/fame/famec.o
 .data          0x00000000004fa7a0        0x0 cpu/cz80/cz80.o
 .data          0x00000000004fa7a0        0x0 cpu/drc/cmn.o
 .data          0x00000000004fa7a0        0x0 cpu/sh2/sh2.o
 .data          0x00000000004fa7a0        0x0 cpu/sh2/mame/sh2pico.o
 .data          0x00000000004fa7a0        0x0 /home/steward/Downloads/buildroot-2017.02.9/output/host/usr/lib/gcc/mipsel-buildroot-linux-uclibc/5.4.0/libgcc.a(_divdi3.o)
 .data          0x00000000004fa7a0        0x0 /home/steward/Downloads/buildroot-2017.02.9/output/host/usr/lib/gcc/mipsel-buildroot-linux-uclibc/5.4.0/libgcc.a(_moddi3.o)
 .data          0x00000000004fa7a0        0x0 /home/steward/Downloads/buildroot-2017.02.9/output/host/usr/lib/gcc/mipsel-buildroot-linux-uclibc/5.4.0/crtend.o
 .data          0x00000000004fa7a0        0x0 /home/steward/Downloads/buildroot-2017.02.9/output/host/usr/mipsel-buildroot-linux-uclibc/sysroot/usr/lib/crtn.o

.rld_map        0x00000000004fa7a0        0x4
 .rld_map       0x00000000004fa7a0        0x4 /home/steward/Downloads/buildroot-2017.02.9/output/host/usr/mipsel-buildroot-linux-uclibc/sysroot/usr/lib/crt1.o
                0x00000000004fa7a0                __RLD_MAP

.tm_clone_table
                0x00000000004fa7a4        0x0
 .tm_clone_table
                0x00000000004fa7a4        0x0 /home/steward/Downloads/buildroot-2017.02.9/output/host/usr/lib/gcc/mipsel-buildroot-linux-uclibc/5.4.0/crtbegin.o
 .tm_clone_table
                0x00000000004fa7a4        0x0 /home/steward/Downloads/buildroot-2017.02.9/output/host/usr/lib/gcc/mipsel-buildroot-linux-uclibc/5.4.0/crtend.o

.data1
 *(.data1)
                0x00000000004fa7a4                . = .
                0x00000000004fa7a4                . = .
                0x00000000005027a0                _gp = (ALIGN (0x10) + 0x7ff0)

.got            0x00000000004fa7b0      0xa44
 *(.got)
 .got           0x00000000004fa7b0      0xa44 /home/steward/Downloads/buildroot-2017.02.9/output/host/usr/mipsel-buildroot-linux-uclibc/sysroot/usr/lib/crt1.o
                0x00000000004fa7b0                _GLOBAL_OFFSET_TABLE_

.sdata          0x00000000004fb1f4        0x4
 *(.sdata .sdata.* .gnu.linkonce.s.*)
 .sdata         0x00000000004fb1f4        0x4 /home/steward/Downloads/buildroot-2017.02.9/output/host/usr/lib/gcc/mipsel-buildroot-linux-uclibc/5.4.0/crtbegin.o
                0x00000000004fb1f4                __dso_handle

.lit8
 *(.lit8)

.lit4
 *(.lit4)
                0x00000000004fb1f8                _edata = .
                [!provide]                        PROVIDE (edata, .)
                0x00000000004fb1f8                . = .
                0x00000000004fb1f8                __bss_start = .
                0x00000000004fb1f8                _fbss = .

.sbss           0x00000000004fb1f8       0xa4
 *(.dynsbss)
 *(.sbss .sbss.* .gnu.linkonce.sb.*)
 *(.scommon)
 .scommon       0x00000000004fb1f8       0x14 platform/libpicofe/plat_sdl.o
                0x00000000004fb1f8                plat_sdl_screen
                0x00000000004fb1fc                plat_sdl_quit_cb
                0x00000000004fb200                plat_sdl_gl_active
                0x00000000004fb204                plat_sdl_overlay
                0x00000000004fb208                plat_sdl_resize_cb
 .scommon       0x00000000004fb20c        0x4 platform/common/main.o
                0x00000000004fb20c                g_argv
 .scommon       0x00000000004fb210       0x10 platform/common/emu.o
                0x00000000004fb210                g_screen_ptr
                0x00000000004fb214                flip_after_sync
                0x00000000004fb218                rom_fname_reload
                0x00000000004fb21c                pico_inp_mode
 .scommon       0x00000000004fb220       0x1c platform/common/menu_pico.o
                0x00000000004fb220                g_autostateld_opt
                0x00000000004fb224                g_menuscreen_w
                0x00000000004fb228                g_menubg_ptr
                0x00000000004fb22c                g_menuscreen_ptr
                0x00000000004fb230                g_menuscreen_h
                0x00000000004fb234                g_menuscreen_pp
                0x00000000004fb238                g_menubg_src_ptr
 .scommon       0x00000000004fb23c        0x4 platform/libpicofe/linux/in_evdev.o
                0x00000000004fb23c                in_evdev_allow_abs_only
 .scommon       0x00000000004fb240        0xc pico/cart.o
                0x00000000004fb240                PicoGameLoaded
                0x00000000004fb244                PicoCartMemSetup
                0x00000000004fb248                PicoCartUnloadHook
 .scommon       0x00000000004fb24c        0xc pico/state.o
                0x00000000004fb24c                PicoStateProgressCB
                0x00000000004fb250                carthw_chunks
                0x00000000004fb254                PicoLoadStateHook
 .scommon       0x00000000004fb258        0xc pico/draw.o
                0x00000000004fb258                DrawLineDestIncrement
                0x00000000004fb25c                rendlines
                0x00000000004fb260                rendstatus_old
 .scommon       0x00000000004fb264        0x8 pico/cd/sek.o
                0x00000000004fb264                SekCycleCntS68k
                0x00000000004fb268                SekCycleAimS68k
 .scommon       0x00000000004fb26c       0x10 pico/32x/memory.o
                0x00000000004fb26c                Pico32xMem
                0x00000000004fb270                p32x_bios_m
                0x00000000004fb274                p32x_bios_g
                0x00000000004fb278                p32x_bios_s
 .scommon       0x00000000004fb27c        0xc pico/32x/draw.o
                0x00000000004fb27c                Pico32xDrawMode
                0x00000000004fb280                PicoScan32xEnd
                0x00000000004fb284                PicoScan32xBegin
 .scommon       0x00000000004fb288        0xc pico/carthw/carthw.o
                0x00000000004fb288                carthw_ssf2_banks
                0x00000000004fb290                carthw_ssf2_active
 .scommon       0x00000000004fb294        0x4 pico/sound/sn76496.o
                0x00000000004fb294                sn76496_regs
 .scommon       0x00000000004fb298        0x4 cpu/drc/cmn.o
                0x00000000004fb298                tcache

.bss            0x00000000004fc000   0x33a000
 *(.dynbss)
 .dynbss        0x00000000004fc000        0x0 /home/steward/Downloads/buildroot-2017.02.9/output/host/usr/mipsel-buildroot-linux-uclibc/sysroot/usr/lib/crt1.o
 *(.bss .bss.* .gnu.linkonce.b.*)
 .bss           0x00000000004fc000        0x0 /home/steward/Downloads/buildroot-2017.02.9/output/host/usr/mipsel-buildroot-linux-uclibc/sysroot/usr/lib/crt1.o
 .bss           0x00000000004fc000        0x0 /home/steward/Downloads/buildroot-2017.02.9/output/host/usr/mipsel-buildroot-linux-uclibc/sysroot/usr/lib/crti.o
 .bss           0x00000000004fc000       0x20 /home/steward/Downloads/buildroot-2017.02.9/output/host/usr/lib/gcc/mipsel-buildroot-linux-uclibc/5.4.0/crtbegin.o
 .bss           0x00000000004fc020        0x0 platform/opendingux/inputmap.o
 .bss           0x00000000004fc020        0x0 platform/linux/emu.o
 .bss           0x00000000004fc020        0x0 platform/linux/blit.o
 .bss           0x00000000004fc020      0x210 platform/common/plat_sdl.o
 .bss           0x00000000004fc230       0x50 platform/libpicofe/plat_sdl.o
 .bss           0x00000000004fc280       0x10 platform/libpicofe/in_sdl.o
 .bss           0x00000000004fc290        0x0 platform/libpicofe/plat_dummy.o
 .bss           0x00000000004fc290        0x0 platform/common/main.o
 .bss           0x00000000004fc290     0x1100 platform/common/emu.o
                0x00000000004fc290                movie_data
                0x00000000004fc294                reset_timing
                0x00000000004fc298                config_slot_current
                0x00000000004fc29c                config_slot
                0x00000000004fc2a0                state_slot
 .bss           0x00000000004fd390      0x210 platform/common/menu_pico.o
                0x00000000004fd390                menu_error_msg
 .bss           0x00000000004fd5a0        0x0 platform/common/config_file.o
 .bss           0x00000000004fd5a0      0x180 platform/libpicofe/input.o
 .bss           0x00000000004fd720        0x0 platform/libpicofe/readpng.o
 .bss           0x00000000004fd720        0x0 platform/libpicofe/fonts.o
 .bss           0x00000000004fd720        0x0 platform/libpicofe/linux/in_evdev.o
 .bss           0x00000000004fd720       0x10 platform/libpicofe/linux/plat.o
 .bss           0x00000000004fd730        0x0 platform/libpicofe/sndout.o
 .bss           0x00000000004fd730    0x10010 platform/libpicofe/sndout_sdl.o
 .bss           0x000000000050d740       0x20 platform/common/mp3.o
 .bss           0x000000000050d760        0x0 platform/common/mp3_dummy.o
 .bss           0x000000000050d760        0x0 unzip/unzip.o
 .bss           0x000000000050d760       0x10 pico/pico.o
                0x000000000050d760                PicoLineHook
                0x000000000050d764                PicoResetHook
 .bss           0x000000000050d770       0x10 pico/cart.o
                0x000000000050d770                PicoCDLoadProgressCB
                0x000000000050d774                PicoCartLoadProgressCB
 .bss           0x000000000050d780        0x0 pico/memory.o
 .bss           0x000000000050d780       0x20 pico/state.o
 .bss           0x000000000050d7a0       0x10 pico/sek.o
 .bss           0x000000000050d7b0        0x0 pico/z80if.o
 .bss           0x000000000050d7b0       0x10 pico/videoport.o
                0x000000000050d7b0                PicoDmaHook
 .bss           0x000000000050d7c0    0x16d40 pico/draw2.o
                0x000000000050d7c0                PicoPrepareCram
 .bss           0x0000000000524500      0xa40 pico/draw.o
                0x0000000000524500                PicoScanEnd
                0x0000000000524504                PicoScanBegin
 .bss           0x0000000000524f40       0x10 pico/mode4.o
 .bss           0x0000000000524f50        0x0 pico/misc.o
 .bss           0x0000000000524f50        0x0 pico/eeprom.o
 .bss           0x0000000000524f50       0x10 pico/patch.o
                0x0000000000524f50                PicoPatchCount
                0x0000000000524f54                PicoPatches
 .bss           0x0000000000524f60     0x2000 pico/debug.o
 .bss           0x0000000000526f60        0x0 pico/media.o
 .bss           0x0000000000526f60       0x10 pico/sms.o
 .bss           0x0000000000526f70       0x10 pico/cd/mcd.o
 .bss           0x0000000000526f80        0x0 pico/cd/memory.o
 .bss           0x0000000000526f80        0x0 pico/cd/sek.o
 .bss           0x0000000000526f80     0x4950 pico/cd/cdc.o
 .bss           0x000000000052b8d0        0x0 pico/cd/cdd.o
 .bss           0x000000000052b8d0        0x0 pico/cd/cd_image.o
 .bss           0x000000000052b8d0        0x0 pico/cd/cue.o
 .bss           0x000000000052b8d0      0x720 pico/cd/gfx.o
 .bss           0x000000000052bff0        0x0 pico/cd/gfx_dma.o
 .bss           0x000000000052bff0        0x0 pico/cd/misc.o
 .bss           0x000000000052bff0        0x0 pico/cd/pcm.o
 .bss           0x000000000052bff0       0x10 pico/32x/32x.o
 .bss           0x000000000052c000      0xc20 pico/32x/memory.o
 .bss           0x000000000052cc20        0x0 pico/32x/draw.o
 .bss           0x000000000052cc20       0x10 pico/32x/sh2soc.o
 .bss           0x000000000052cc30       0x20 pico/32x/pwm.o
 .bss           0x000000000052cc50       0x10 pico/pico/pico.o
 .bss           0x000000000052cc60        0x0 pico/pico/memory.o
 .bss           0x000000000052cc60       0x10 pico/pico/xpcm.o
 .bss           0x000000000052cc70       0x20 pico/carthw/carthw.o
 .bss           0x000000000052cc90       0x10 pico/carthw/eeprom_spi.o
 .bss           0x000000000052cca0       0x10 pico/carthw/svp/svp.o
                0x000000000052cca0                svp
 .bss           0x000000000052ccb0        0x0 pico/carthw/svp/memory.o
 .bss           0x000000000052ccb0       0x10 pico/carthw/svp/ssp16.o
                0x000000000052ccb0                ssp
 .bss           0x000000000052ccc0     0x1e20 pico/sound/sound.o
 .bss           0x000000000052eae0       0xc0 pico/sound/sn76496.o
 .bss           0x000000000052eba0    0x24260 pico/sound/ym2612.o
 .bss           0x0000000000552e00        0x0 pico/sound/mix.o
 .bss           0x0000000000552e00    0x40010 cpu/fame/famec.o
 .bss           0x0000000000592e10    0x41500 cpu/cz80/cz80.o
 .bss           0x00000000005d4310        0x0 cpu/drc/cmn.o
 .bss           0x00000000005d4310        0x0 cpu/sh2/sh2.o
 .bss           0x00000000005d4310        0x0 cpu/sh2/mame/sh2pico.o
 .bss           0x00000000005d4310        0x0 /home/steward/Downloads/buildroot-2017.02.9/output/host/usr/lib/gcc/mipsel-buildroot-linux-uclibc/5.4.0/libgcc.a(_divdi3.o)
 .bss           0x00000000005d4310        0x0 /home/steward/Downloads/buildroot-2017.02.9/output/host/usr/lib/gcc/mipsel-buildroot-linux-uclibc/5.4.0/libgcc.a(_moddi3.o)